// Jest Snapshot v1, https://goo.gl/fbAQLP

exports[`should render the list of cryptos 1`] = `
<DocumentFragment>
  <div
    class="cryp"
  >
    <h2>
      Crypto Info
    </h2>
    <h2>
      <p>
        ERRROR
      </p>
    </h2>
  </div>
</DocumentFragment>
`;
